DM Object: Simplicial Mesh 1 MPI processes
  type: plex
Simplicial Mesh in 2 dimensions:
  0-cells: 250
  1-cells: 445
  2-cells: 196
Labels:
  Vertex Sets: 1 strata of sizes (1)
  Cell Sets: 1 strata of sizes (196)
  Face Sets: 4 strata of sizes (49, 4, 49, 4)
  depth: 3 strata of sizes (250, 445, 196)