DM Object: Simplicial Mesh 1 MPI processes
  type: plex
Simplicial Mesh in 3 dimensions:
  0-cells: 56
  1-cells: 271
  2-cells: 376
  3-cells: 161
Labels:
  Face Sets: 8 strata of sizes (4, 8, 8, 4, 8, 8, 8, 8)
  depth: 4 strata of sizes (56, 271, 376, 161)