 My error handler Error message
[0]PETSC ERROR: #1 User provided function() line 42 in User file
[0]PETSC ERROR: User provided function() line 52 in User file Error message
