 Greetings from rank           0
 PETSC_ARCH                                                                        
