Vec Object: 1 MPI processes
  type: seq
200.
100.
200.
300.
400.
Vec Object: 1 MPI processes
  type: seq
300.
400.
500.
600.
500.
Vec Object: 2 MPI processes
  type: mpi
  type: mpi
Process [0]
100.
200.
300.
Process [1]
400.
500.
600.
