Vec Object: 1 MPI processes
  type: seq
200.
100.
200.
300.
400.
500.
600.
500.
Vec Object: 1 MPI processes
  type: seq
Vec Object: Vec_0x84000000_0 1 MPI processes
  type: mpi
Process [0]
100.
200.
300.
400.
500.
600.
